------------------------------------------------------------
TimeQuest Timing Analyzer Summary
------------------------------------------------------------

Type  : Slow Model Setup 'N/C'
Slack : -4.602
TNS   : -142.100

Type  : Slow Model Setup 'CCD_PIXCLK'
Slack : -2.931
TNS   : -211.386

Type  : Slow Model Setup 'sdram_pll:u6|altpll:altpll_component|_clk0'
Slack : -0.330
TNS   : -6.562

Type  : Slow Model Setup 'iCLK_50'
Slack : 12.599
TNS   : 0.000

Type  : Slow Model Setup 'vga_pll:u5|altpll:altpll_component|_clk0'
Slack : 23.372
TNS   : 0.000

Type  : Slow Model Hold 'CCD_PIXCLK'
Slack : 0.391
TNS   : 0.000

Type  : Slow Model Hold 'iCLK_50'
Slack : 0.391
TNS   : 0.000

Type  : Slow Model Hold 'sdram_pll:u6|altpll:altpll_component|_clk0'
Slack : 0.391
TNS   : 0.000

Type  : Slow Model Hold 'vga_pll:u5|altpll:altpll_component|_clk0'
Slack : 0.391
TNS   : 0.000

Type  : Slow Model Hold 'N/C'
Slack : 2.476
TNS   : 0.000

Type  : Slow Model Recovery 'CCD_PIXCLK'
Slack : -3.921
TNS   : -1097.117

Type  : Slow Model Recovery 'sdram_pll:u6|altpll:altpll_component|_clk0'
Slack : 1.595
TNS   : 0.000

Type  : Slow Model Recovery 'iCLK_50'
Slack : 11.393
TNS   : 0.000

Type  : Slow Model Recovery 'vga_pll:u5|altpll:altpll_component|_clk0'
Slack : 13.324
TNS   : 0.000

Type  : Slow Model Removal 'iCLK_50'
Slack : 2.608
TNS   : 0.000

Type  : Slow Model Removal 'CCD_PIXCLK'
Slack : 2.675
TNS   : 0.000

Type  : Slow Model Removal 'sdram_pll:u6|altpll:altpll_component|_clk0'
Slack : 4.368
TNS   : 0.000

Type  : Slow Model Removal 'vga_pll:u5|altpll:altpll_component|_clk0'
Slack : 16.028
TNS   : 0.000

Type  : Slow Model Minimum Pulse Width 'sdram_pll:u6|altpll:altpll_component|_clk0'
Slack : 0.953
TNS   : 0.000

Type  : Slow Model Minimum Pulse Width 'sdram_pll:u6|altpll:altpll_component|_clk1'
Slack : 3.333
TNS   : 0.000

Type  : Slow Model Minimum Pulse Width 'oDRAM0_CLK'
Slack : 3.889
TNS   : 0.000

Type  : Slow Model Minimum Pulse Width 'CCD_PIXCLK'
Slack : 5.953
TNS   : 0.000

Type  : Slow Model Minimum Pulse Width 'iCLK_50'
Slack : 9.000
TNS   : 0.000

Type  : Slow Model Minimum Pulse Width 'iCLK_50_2'
Slack : 10.000
TNS   : 0.000

Type  : Slow Model Minimum Pulse Width 'iCLK_50_3'
Slack : 10.000
TNS   : 0.000

Type  : Slow Model Minimum Pulse Width 'vga_pll:u5|altpll:altpll_component|_clk0'
Slack : 12.873
TNS   : 0.000

Type  : Slow Model Minimum Pulse Width 'CCD_MCLK'
Slack : 37.223
TNS   : 0.000

Type  : Fast Model Setup 'N/C'
Slack : -1.863
TNS   : -57.073

Type  : Fast Model Setup 'CCD_PIXCLK'
Slack : -1.291
TNS   : -88.973

Type  : Fast Model Setup 'sdram_pll:u6|altpll:altpll_component|_clk0'
Slack : 0.142
TNS   : 0.000

Type  : Fast Model Setup 'iCLK_50'
Slack : 16.298
TNS   : 0.000

Type  : Fast Model Setup 'vga_pll:u5|altpll:altpll_component|_clk0'
Slack : 27.051
TNS   : 0.000

Type  : Fast Model Hold 'CCD_PIXCLK'
Slack : 0.215
TNS   : 0.000

Type  : Fast Model Hold 'iCLK_50'
Slack : 0.215
TNS   : 0.000

Type  : Fast Model Hold 'sdram_pll:u6|altpll:altpll_component|_clk0'
Slack : 0.215
TNS   : 0.000

Type  : Fast Model Hold 'vga_pll:u5|altpll:altpll_component|_clk0'
Slack : 0.215
TNS   : 0.000

Type  : Fast Model Hold 'N/C'
Slack : 1.240
TNS   : 0.000

Type  : Fast Model Recovery 'CCD_PIXCLK'
Slack : -2.100
TNS   : -619.067

Type  : Fast Model Recovery 'sdram_pll:u6|altpll:altpll_component|_clk0'
Slack : 2.416
TNS   : 0.000

Type  : Fast Model Recovery 'vga_pll:u5|altpll:altpll_component|_clk0'
Slack : 14.118
TNS   : 0.000

Type  : Fast Model Recovery 'iCLK_50'
Slack : 15.788
TNS   : 0.000

Type  : Fast Model Removal 'iCLK_50'
Slack : 1.438
TNS   : 0.000

Type  : Fast Model Removal 'CCD_PIXCLK'
Slack : 1.626
TNS   : 0.000

Type  : Fast Model Removal 'sdram_pll:u6|altpll:altpll_component|_clk0'
Slack : 3.916
TNS   : 0.000

Type  : Fast Model Removal 'vga_pll:u5|altpll:altpll_component|_clk0'
Slack : 15.580
TNS   : 0.000

Type  : Fast Model Minimum Pulse Width 'sdram_pll:u6|altpll:altpll_component|_clk0'
Slack : 0.953
TNS   : 0.000

Type  : Fast Model Minimum Pulse Width 'sdram_pll:u6|altpll:altpll_component|_clk1'
Slack : 3.333
TNS   : 0.000

Type  : Fast Model Minimum Pulse Width 'oDRAM0_CLK'
Slack : 3.889
TNS   : 0.000

Type  : Fast Model Minimum Pulse Width 'CCD_PIXCLK'
Slack : 5.953
TNS   : 0.000

Type  : Fast Model Minimum Pulse Width 'iCLK_50'
Slack : 9.000
TNS   : 0.000

Type  : Fast Model Minimum Pulse Width 'iCLK_50_2'
Slack : 10.000
TNS   : 0.000

Type  : Fast Model Minimum Pulse Width 'iCLK_50_3'
Slack : 10.000
TNS   : 0.000

Type  : Fast Model Minimum Pulse Width 'vga_pll:u5|altpll:altpll_component|_clk0'
Slack : 12.873
TNS   : 0.000

Type  : Fast Model Minimum Pulse Width 'CCD_MCLK'
Slack : 37.223
TNS   : 0.000

------------------------------------------------------------
