------------------------------------------------------------
TimeQuest Timing Analyzer Summary
------------------------------------------------------------

Type  : Slow Model Setup 'N/C'
Slack : -4.682
TNS   : -142.251

Type  : Slow Model Setup 'sdram_pll:u6|altpll:altpll_component|_clk0'
Slack : -0.330
TNS   : -6.562

Type  : Slow Model Setup 'CCD_PIXCLK'
Slack : -0.130
TNS   : -0.130

Type  : Slow Model Setup 'iCLK_50'
Slack : 11.171
TNS   : 0.000

Type  : Slow Model Setup 'vga_pll:u5|altpll:altpll_component|_clk0'
Slack : 20.988
TNS   : 0.000

Type  : Slow Model Hold 'CCD_PIXCLK'
Slack : -0.099
TNS   : -0.099

Type  : Slow Model Hold 'iCLK_50'
Slack : 0.391
TNS   : 0.000

Type  : Slow Model Hold 'sdram_pll:u6|altpll:altpll_component|_clk0'
Slack : 0.391
TNS   : 0.000

Type  : Slow Model Hold 'vga_pll:u5|altpll:altpll_component|_clk0'
Slack : 0.391
TNS   : 0.000

Type  : Slow Model Hold 'N/C'
Slack : 2.476
TNS   : 0.000

Type  : Slow Model Recovery 'CCD_PIXCLK'
Slack : -2.911
TNS   : -698.668

Type  : Slow Model Recovery 'sdram_pll:u6|altpll:altpll_component|_clk0'
Slack : 1.881
TNS   : 0.000

Type  : Slow Model Recovery 'vga_pll:u5|altpll:altpll_component|_clk0'
Slack : 13.272
TNS   : 0.000

Type  : Slow Model Recovery 'iCLK_50'
Slack : 14.514
TNS   : 0.000

Type  : Slow Model Removal 'CCD_PIXCLK'
Slack : 1.964
TNS   : 0.000

Type  : Slow Model Removal 'iCLK_50'
Slack : 1.996
TNS   : 0.000

Type  : Slow Model Removal 'sdram_pll:u6|altpll:altpll_component|_clk0'
Slack : 4.364
TNS   : 0.000

Type  : Slow Model Removal 'vga_pll:u5|altpll:altpll_component|_clk0'
Slack : 16.031
TNS   : 0.000

Type  : Slow Model Minimum Pulse Width 'sdram_pll:u6|altpll:altpll_component|_clk0'
Slack : 0.953
TNS   : 0.000

Type  : Slow Model Minimum Pulse Width 'sdram_pll:u6|altpll:altpll_component|_clk1'
Slack : 3.333
TNS   : 0.000

Type  : Slow Model Minimum Pulse Width 'oDRAM0_CLK'
Slack : 3.889
TNS   : 0.000

Type  : Slow Model Minimum Pulse Width 'CCD_PIXCLK'
Slack : 5.953
TNS   : 0.000

Type  : Slow Model Minimum Pulse Width 'iCLK_50'
Slack : 9.000
TNS   : 0.000

Type  : Slow Model Minimum Pulse Width 'iCLK_50_2'
Slack : 10.000
TNS   : 0.000

Type  : Slow Model Minimum Pulse Width 'iCLK_50_3'
Slack : 10.000
TNS   : 0.000

Type  : Slow Model Minimum Pulse Width 'vga_pll:u5|altpll:altpll_component|_clk0'
Slack : 12.873
TNS   : 0.000

Type  : Slow Model Minimum Pulse Width 'CCD_MCLK'
Slack : 37.223
TNS   : 0.000

Type  : Fast Model Setup 'N/C'
Slack : -1.879
TNS   : -56.995

Type  : Fast Model Setup 'sdram_pll:u6|altpll:altpll_component|_clk0'
Slack : 0.142
TNS   : 0.000

Type  : Fast Model Setup 'CCD_PIXCLK'
Slack : 0.233
TNS   : 0.000

Type  : Fast Model Setup 'iCLK_50'
Slack : 15.633
TNS   : 0.000

Type  : Fast Model Setup 'vga_pll:u5|altpll:altpll_component|_clk0'
Slack : 25.892
TNS   : 0.000

Type  : Fast Model Hold 'CCD_PIXCLK'
Slack : -0.352
TNS   : -0.352

Type  : Fast Model Hold 'iCLK_50'
Slack : 0.215
TNS   : 0.000

Type  : Fast Model Hold 'sdram_pll:u6|altpll:altpll_component|_clk0'
Slack : 0.215
TNS   : 0.000

Type  : Fast Model Hold 'vga_pll:u5|altpll:altpll_component|_clk0'
Slack : 0.215
TNS   : 0.000

Type  : Fast Model Hold 'N/C'
Slack : 1.240
TNS   : 0.000

Type  : Fast Model Recovery 'CCD_PIXCLK'
Slack : -1.747
TNS   : -403.136

Type  : Fast Model Recovery 'sdram_pll:u6|altpll:altpll_component|_clk0'
Slack : 2.540
TNS   : 0.000

Type  : Fast Model Recovery 'vga_pll:u5|altpll:altpll_component|_clk0'
Slack : 14.076
TNS   : 0.000

Type  : Fast Model Recovery 'iCLK_50'
Slack : 17.418
TNS   : 0.000

Type  : Fast Model Removal 'CCD_PIXCLK'
Slack : 1.007
TNS   : 0.000

Type  : Fast Model Removal 'iCLK_50'
Slack : 1.038
TNS   : 0.000

Type  : Fast Model Removal 'sdram_pll:u6|altpll:altpll_component|_clk0'
Slack : 3.915
TNS   : 0.000

Type  : Fast Model Removal 'vga_pll:u5|altpll:altpll_component|_clk0'
Slack : 15.581
TNS   : 0.000

Type  : Fast Model Minimum Pulse Width 'sdram_pll:u6|altpll:altpll_component|_clk0'
Slack : 0.953
TNS   : 0.000

Type  : Fast Model Minimum Pulse Width 'sdram_pll:u6|altpll:altpll_component|_clk1'
Slack : 3.333
TNS   : 0.000

Type  : Fast Model Minimum Pulse Width 'oDRAM0_CLK'
Slack : 3.889
TNS   : 0.000

Type  : Fast Model Minimum Pulse Width 'CCD_PIXCLK'
Slack : 5.953
TNS   : 0.000

Type  : Fast Model Minimum Pulse Width 'iCLK_50'
Slack : 9.000
TNS   : 0.000

Type  : Fast Model Minimum Pulse Width 'iCLK_50_2'
Slack : 10.000
TNS   : 0.000

Type  : Fast Model Minimum Pulse Width 'iCLK_50_3'
Slack : 10.000
TNS   : 0.000

Type  : Fast Model Minimum Pulse Width 'vga_pll:u5|altpll:altpll_component|_clk0'
Slack : 12.873
TNS   : 0.000

Type  : Fast Model Minimum Pulse Width 'CCD_MCLK'
Slack : 37.223
TNS   : 0.000

------------------------------------------------------------
